%!Adobe-FontList 1.22
%Locale:0x409

%BeginFont
Handler:DirectoryHandler
FontType:Type1
FontName:MetaPro-Black
FamilyName:MetaPro
StyleName:Black
FullName:MetaPro-Black
MenuName:MetaPro-Black
StyleBits:0
WritingScript:Roman
OutlineFileName:C:\Users\USER\Desktop\Edurex\Font\MetaPro-Black.otf
DataFormat:sfntData
UsesStandardEncoding:yes
isCFF:yes
hasSVG:no
VariableFontType:NonVariableFont
FileLength:112260
FileModTime:1609893642
WeightClass:900
WidthClass:5
AngleClass:0
NameArray:0,Mac,4,MetaPro-Black
NameArray:0,Win,1,MetaPro-Black
NameArray:0,Win,16,MetaPro
%EndFont

%BeginFont
Handler:DirectoryHandler
FontType:Type1
FontName:MetaPro-Bold
FamilyName:MetaPro
StyleName:Bold
FullName:MetaPro-Bold
MenuName:MetaPro-Bold
StyleBits:0
WritingScript:Roman
OutlineFileName:C:\Users\USER\Desktop\Edurex\Font\MetaPro-Bold.otf
DataFormat:sfntData
UsesStandardEncoding:yes
isCFF:yes
hasSVG:no
VariableFontType:NonVariableFont
FileLength:123824
FileModTime:1609893662
WeightClass:700
WidthClass:5
AngleClass:0
NameArray:0,Mac,4,MetaPro-Bold
NameArray:0,Win,1,MetaPro-Bold
NameArray:0,Win,16,MetaPro
%EndFont

%BeginFont
Handler:DirectoryHandler
FontType:Type1
FontName:MetaPro-BoldItalic
FamilyName:MetaPro
StyleName:BoldItalic
FullName:MetaPro-BoldItalic
MenuName:MetaPro-BoldItalic
StyleBits:0
WritingScript:Roman
OutlineFileName:C:\Users\USER\Desktop\Edurex\Font\MetaPro-BoldItalic.otf
DataFormat:sfntData
UsesStandardEncoding:yes
isCFF:yes
hasSVG:no
VariableFontType:NonVariableFont
FileLength:123232
FileModTime:1609893762
WeightClass:700
WidthClass:5
AngleClass:0
NameArray:0,Mac,4,MetaPro-BoldItalic
NameArray:0,Win,1,MetaPro-BoldItalic
NameArray:0,Win,16,MetaPro
%EndFont

%BeginFont
Handler:DirectoryHandler
FontType:Type1
FontName:MetaPro-Book
FamilyName:MetaPro
StyleName:Book
FullName:MetaPro-Book
MenuName:MetaPro-Book
StyleBits:0
WritingScript:Roman
OutlineFileName:C:\Users\USER\Desktop\Edurex\Font\MetaPro-Book.otf
DataFormat:sfntData
UsesStandardEncoding:yes
isCFF:yes
hasSVG:no
VariableFontType:NonVariableFont
FileLength:115428
FileModTime:1609893752
WeightClass:500
WidthClass:5
AngleClass:0
NameArray:0,Mac,4,MetaPro-Book
NameArray:0,Win,1,MetaPro-Book
NameArray:0,Win,16,MetaPro
%EndFont

%BeginFont
Handler:DirectoryHandler
FontType:Type1
FontName:MetaPro-Medium
FamilyName:MetaPro
StyleName:Medium
FullName:MetaPro-Medium
MenuName:MetaPro-Medium
StyleBits:0
WritingScript:Roman
OutlineFileName:C:\Users\USER\Desktop\Edurex\Font\MetaPro-Medium.otf
DataFormat:sfntData
UsesStandardEncoding:yes
isCFF:yes
hasSVG:no
VariableFontType:NonVariableFont
FileLength:119012
FileModTime:1609893668
WeightClass:500
WidthClass:5
AngleClass:0
NameArray:0,Mac,4,MetaPro-Medium
NameArray:0,Win,1,MetaPro-Medium
NameArray:0,Win,16,MetaPro
%EndFont

%BeginFont
Handler:DirectoryHandler
FontType:Type1
FontName:MetaPro-MediumItalic
FamilyName:MetaPro
StyleName:MediumItalic
FullName:MetaPro-MediumItalic
MenuName:MetaPro-MediumItalic
StyleBits:0
WritingScript:Roman
OutlineFileName:C:\Users\USER\Desktop\Edurex\Font\MetaPro-MediumItalic.otf
DataFormat:sfntData
UsesStandardEncoding:yes
isCFF:yes
hasSVG:no
VariableFontType:NonVariableFont
FileLength:117140
FileModTime:1609893760
WeightClass:500
WidthClass:5
AngleClass:0
NameArray:0,Mac,4,MetaPro-MediumItalic
NameArray:0,Win,1,MetaPro-MediumItalic
NameArray:0,Win,16,MetaPro
%EndFont

%BeginFont
Handler:DirectoryHandler
FontType:Type1
FontName:MetaPro-Normal
FamilyName:MetaPro
StyleName:Normal
FullName:MetaPro-Normal
MenuName:MetaPro-Normal
StyleBits:0
WritingScript:Roman
OutlineFileName:C:\Users\USER\Desktop\Edurex\Font\MetaPro-Normal.otf
DataFormat:sfntData
UsesStandardEncoding:yes
isCFF:yes
hasSVG:no
VariableFontType:NonVariableFont
FileLength:117928
FileModTime:1609893576
WeightClass:400
WidthClass:5
AngleClass:0
NameArray:0,Mac,4,MetaPro-Normal
NameArray:0,Win,1,MetaPro-Normal
NameArray:0,Win,16,MetaPro
%EndFont

%BeginFont
Handler:DirectoryHandler
FontType:Type1
FontName:MetaPro-NormalItalic
FamilyName:MetaPro
StyleName:NormalItalic
FullName:MetaPro-NormalItalic
MenuName:MetaPro-NormalItalic
StyleBits:0
WritingScript:Roman
OutlineFileName:C:\Users\USER\Desktop\Edurex\Font\MetaPro-NormalItalic.otf
DataFormat:sfntData
UsesStandardEncoding:yes
isCFF:yes
hasSVG:no
VariableFontType:NonVariableFont
FileLength:122216
FileModTime:1609893646
WeightClass:400
WidthClass:5
AngleClass:0
NameArray:0,Mac,4,MetaPro-NormalItalic
NameArray:0,Win,1,MetaPro-NormalItalic
NameArray:0,Win,16,MetaPro
%EndFont

